BoomTile__core,9946
BoomTile__core__ALUExeUnit,10106
BoomTile__core__ALUExeUnit__BranchKillableQueue,10123
BoomTile__core__ALUExeUnit__alu,10107
BoomTile__core__ALUExeUnit__ifpu,10114
BoomTile__core__ALUExeUnit__imul,10109
BoomTile__core__csr,9947
BoomTile__core__csr__clk_gate_reg_satp_ppn_reg,9989
BoomTile__core__csr_exe_unit,10092
BoomTile__core__csr_exe_unit__alu,10101
BoomTile__core__csr_exe_unit__div,10093
BoomTile__core__dc_shim,9995
BoomTile__core__dc_shim__LoadReqSlot,10023
BoomTile__core__dc_shim__LoadReqSlot_1,9996
BoomTile__core__dc_shim__LoadReqSlot_10,10026
BoomTile__core__dc_shim__LoadReqSlot_11,10029
BoomTile__core__dc_shim__LoadReqSlot_12,10032
BoomTile__core__dc_shim__LoadReqSlot_13,10035
BoomTile__core__dc_shim__LoadReqSlot_14,10038
BoomTile__core__dc_shim__LoadReqSlot_15,10041
BoomTile__core__dc_shim__LoadReqSlot_2,9999
BoomTile__core__dc_shim__LoadReqSlot_3,10002
BoomTile__core__dc_shim__LoadReqSlot_4,10005
BoomTile__core__dc_shim__LoadReqSlot_5,10008
BoomTile__core__dc_shim__LoadReqSlot_6,10011
BoomTile__core__dc_shim__LoadReqSlot_7,10014
BoomTile__core__dc_shim__LoadReqSlot_8,10017
BoomTile__core__dc_shim__LoadReqSlot_9,10020
BoomTile__core__dec_brmask_logic,10968
BoomTile__core__decode_units_0,10966
BoomTile__core__decode_units_1,10967
BoomTile__core__dispatcher,10105
BoomTile__core__fp_pipeline,10420
BoomTile__core__fp_pipeline__fp_issue_unit,10422
BoomTile__core__fp_pipeline__fpiu_unit,10473
BoomTile__core__fp_pipeline__fpiu_unit__BranchKillableQueue,10474
BoomTile__core__fp_pipeline__fpiu_unit__fdivsqrt,10532
BoomTile__core__fp_pipeline__fpiu_unit__fdivsqrt__RecFNToRecFN,10534
BoomTile__core__fp_pipeline__fpiu_unit__fdivsqrt__RecFNToRecFN_1,10574
BoomTile__core__fp_pipeline__fpiu_unit__fdivsqrt__RecFNToRecFN_1__RoundAnyRawFNToRecFN,10575
BoomTile__core__fp_pipeline__fpiu_unit__fdivsqrt__RecFNToRecFN__RoundAnyRawFNToRecFN,10535
BoomTile__core__fp_pipeline__fpiu_unit__fdivsqrt__divsqrt,10538
BoomTile__core__fp_pipeline__fpiu_unit__fdivsqrt__divsqrt__ds,10539
BoomTile__core__fp_pipeline__fpiu_unit__fdivsqrt__divsqrt__ds__divSqrtRecF64ToRaw,10542
BoomTile__core__fp_pipeline__fpiu_unit__fdivsqrt__divsqrt__ds__divSqrtRecF64ToRaw__clk_gate_fractA_PA_reg,10564
BoomTile__core__fp_pipeline__fpiu_unit__fdivsqrt__divsqrt__ds__roundRawFNToRecFN,10540
BoomTile__core__fp_pipeline__fpiu_unit__fdivsqrt__divsqrt__ds__roundRawFNToRecFN__roundAnyRawFNToRecFN,10541
BoomTile__core__fp_pipeline__fpiu_unit__fdivsqrt__divsqrt__mul,10566
BoomTile__core__fp_pipeline__fpiu_unit__fdivsqrt__downvert_d2s,10536
BoomTile__core__fp_pipeline__fpiu_unit__fdivsqrt__downvert_d2s__RoundAnyRawFNToRecFN,10537
BoomTile__core__fp_pipeline__fpiu_unit__fdivsqrt__fdiv_decoder,10533
BoomTile__core__fp_pipeline__fpiu_unit__fpu,10492
BoomTile__core__fp_pipeline__fpiu_unit__fpu__fpu,10493
BoomTile__core__fp_pipeline__fpiu_unit__fpu__fpu__FMADecoder,10523
BoomTile__core__fp_pipeline__fpiu_unit__fpu__fpu__FMADecoder_1,10517
BoomTile__core__fp_pipeline__fpiu_unit__fpu__fpu__dfma,10507
BoomTile__core__fp_pipeline__fpiu_unit__fpu__fpu__dfma__fma,10510
BoomTile__core__fp_pipeline__fpiu_unit__fpu__fpu__dfma__fma__mulAddRecFNToRaw_postMul,10512
BoomTile__core__fp_pipeline__fpiu_unit__fpu__fpu__dfma__fma__mulAddRecFNToRaw_preMul,10511
BoomTile__core__fp_pipeline__fpiu_unit__fpu__fpu__dfma__fma__roundRawFNToRecFN,10514
BoomTile__core__fp_pipeline__fpiu_unit__fpu__fpu__dfma__fma__roundRawFNToRecFN__roundAnyRawFNToRecFN,10515
BoomTile__core__fp_pipeline__fpiu_unit__fpu__fpu__fp_decoder,10494
BoomTile__core__fp_pipeline__fpiu_unit__fpu__fpu__fpiu,10518
BoomTile__core__fp_pipeline__fpiu_unit__fpu__fpu__fpiu__RecFNToIN,10520
BoomTile__core__fp_pipeline__fpiu_unit__fpu__fpu__fpiu__RecFNToIN_1,10522
BoomTile__core__fp_pipeline__fpiu_unit__fpu__fpu__fpiu__clk_gate_in_in2_reg,10521
BoomTile__core__fp_pipeline__fpiu_unit__fpu__fpu__fpiu__dcmp,10519
BoomTile__core__fp_pipeline__fpiu_unit__fpu__fpu__fpmu,10524
BoomTile__core__fp_pipeline__fpiu_unit__fpu__fpu__fpmu__RecFNToRecFN,10525
BoomTile__core__fp_pipeline__fpiu_unit__fpu__fpu__fpmu__RecFNToRecFN__RoundAnyRawFNToRecFN,10526
BoomTile__core__fp_pipeline__fpiu_unit__fpu__fpu__sfma,10497
BoomTile__core__fp_pipeline__fpiu_unit__fpu__fpu__sfma__fma,10499
BoomTile__core__fp_pipeline__fpiu_unit__fpu__fpu__sfma__fma__mulAddRecFNToRaw_postMul,10504
BoomTile__core__fp_pipeline__fpiu_unit__fpu__fpu__sfma__fma__mulAddRecFNToRaw_preMul,10500
BoomTile__core__fp_pipeline__fpiu_unit__fpu__fpu__sfma__fma__roundRawFNToRecFN,10501
BoomTile__core__fp_pipeline__fpiu_unit__fpu__fpu__sfma__fma__roundRawFNToRecFN__roundAnyRawFNToRecFN,10502
BoomTile__core__fp_pipeline__fregfile,10579
BoomTile__core__fp_pipeline__fregister_read,10471
BoomTile__core__fp_pipeline__ll_wbarb,10421
BoomTile__core__fp_rename_stage,10853
BoomTile__core__fp_rename_stage__busytable,10857
BoomTile__core__fp_rename_stage__freelist,10854
BoomTile__core__fp_rename_stage__maptable,10860
BoomTile__core__ftq_arb,10644
BoomTile__core__int_issue_unit,10901
BoomTile__core__int_issue_unit__slots_0,10926
BoomTile__core__int_issue_unit__slots_1,10930
BoomTile__core__int_issue_unit__slots_10,10902
BoomTile__core__int_issue_unit__slots_11,10906
BoomTile__core__int_issue_unit__slots_12,10910
BoomTile__core__int_issue_unit__slots_13,10914
BoomTile__core__int_issue_unit__slots_14,10918
BoomTile__core__int_issue_unit__slots_15,10922
BoomTile__core__int_issue_unit__slots_2,10934
BoomTile__core__int_issue_unit__slots_3,10938
BoomTile__core__int_issue_unit__slots_4,10942
BoomTile__core__int_issue_unit__slots_5,10946
BoomTile__core__int_issue_unit__slots_6,10950
BoomTile__core__int_issue_unit__slots_7,10954
BoomTile__core__int_issue_unit__slots_8,10958
BoomTile__core__int_issue_unit__slots_9,10962
BoomTile__core__iregfile,10970
BoomTile__core__iregfile__clk_gate_regfile_reg_16_,10977
BoomTile__core__iregfile__clk_gate_regfile_reg_31_,10992
BoomTile__core__iregfile__clk_gate_regfile_reg_32_,10993
BoomTile__core__iregfile__clk_gate_regfile_reg_42_,11003
BoomTile__core__iregfile__clk_gate_regfile_reg_48_,11009
BoomTile__core__iregfile__clk_gate_regfile_reg_64_,11034
BoomTile__core__iregister_read,10645
BoomTile__core__iregister_read__RegisterReadDecode,10646
BoomTile__core__iregister_read__RegisterReadDecode_1,10647
BoomTile__core__iregister_read__RegisterReadDecode_2,10648
BoomTile__core__ll_wbarb,10202
BoomTile__core__lsu,10203
BoomTile__core__lsu__clk_gate_laq_uop_12_rob_idx_reg,10335
BoomTile__core__lsu__clk_gate_sdq_data_11_reg,10210
BoomTile__core__lsu__clk_gate_sdq_data_13_reg,10321
BoomTile__core__lsu__clk_gate_sdq_data_1_reg,10418
BoomTile__core__lsu__clk_gate_stdf_clr_bsy_brmask_reg,10368
BoomTile__core__lsu__dtlb,10270
BoomTile__core__lsu__forwarding_age_logic,10247
BoomTile__core__mem_issue_unit,10136
BoomTile__core__mem_issue_unit__slots_0,10137
BoomTile__core__mem_issue_unit__slots_1,10141
BoomTile__core__mem_issue_unit__slots_10,10177
BoomTile__core__mem_issue_unit__slots_11,10181
BoomTile__core__mem_issue_unit__slots_12,10185
BoomTile__core__mem_issue_unit__slots_13,10189
BoomTile__core__mem_issue_unit__slots_14,10193
BoomTile__core__mem_issue_unit__slots_15,10197
BoomTile__core__mem_issue_unit__slots_2,10145
BoomTile__core__mem_issue_unit__slots_3,10149
BoomTile__core__mem_issue_unit__slots_4,10153
BoomTile__core__mem_issue_unit__slots_5,10157
BoomTile__core__mem_issue_unit__slots_6,10161
BoomTile__core__mem_issue_unit__slots_7,10165
BoomTile__core__mem_issue_unit__slots_8,10169
BoomTile__core__mem_issue_unit__slots_9,10173
BoomTile__core__mem_unit,10103
BoomTile__core__mem_unit__MemAddrCalcUnit,10104
BoomTile__core__rename_stage,10044
BoomTile__core__rename_stage__busytable,10090
BoomTile__core__rename_stage__freelist,10046
BoomTile__core__rename_stage__maptable,10049
BoomTile__core__rob,10649
BoomTile__frontend,3006
BoomTile__frontend__bpdpipeline,5469
BoomTile__frontend__bpdpipeline__bpd,5470
BoomTile__frontend__bpdpipeline__bpd__counter_table,5480
BoomTile__frontend__bpdpipeline__btb,9583
BoomTile__frontend__bpdpipeline__btb__bim,9794
BoomTile__frontend__bpdpipeline__btb__bim__Queue,9851
BoomTile__frontend__bpdpipeline__btb__bim__Queue_1,9856
BoomTile__frontend__bpdpipeline__btb__bim__Queue_2,9861
BoomTile__frontend__bpdpipeline__btb__bim__Queue_3,9866
BoomTile__frontend__bpdpipeline__btb__btb_data_array,9878
BoomTile__frontend__bpdpipeline__btb__btb_data_array_1,9587
BoomTile__frontend__bpdpipeline__btb__btb_tag_array,9726
BoomTile__frontend__bpdpipeline__btb__btb_tag_array_1,9657
BoomTile__frontend__fetch_controller,3057
BoomTile__frontend__fetch_controller__BranchDecode,3095
BoomTile__frontend__fetch_controller__BranchDecode_1,3096
BoomTile__frontend__fetch_controller__BranchDecode_2,3097
BoomTile__frontend__fetch_controller__BranchDecode_3,3098
BoomTile__frontend__fetch_controller__RVCExpander,3129
BoomTile__frontend__fetch_controller__RVCExpander_1,3123
BoomTile__frontend__fetch_controller__RVCExpander_2,3124
BoomTile__frontend__fetch_controller__RVCExpander_3,3125
BoomTile__frontend__fetch_controller__bchecker,3118
BoomTile__frontend__fetch_controller__fb,3099
BoomTile__frontend__fetch_controller__ftq,3058
BoomTile__frontend__fetch_controller__q_f3_btb_resp,3126
BoomTile__frontend__fetch_controller__q_f3_imemresp,3120
BoomTile__frontend__icache,3132
BoomTile__frontend__icache__MaxPeriodFibonacciLFSR,5467
BoomTile__frontend__icache__clk_gate_s2_tag_hit_3_reg,5197
BoomTile__frontend__icache__dataArrayWay_0,3133
BoomTile__frontend__icache__dataArrayWay_1,3649
BoomTile__frontend__icache__dataArrayWay_2,4165
BoomTile__frontend__icache__dataArrayWay_3,4681
BoomTile__frontend__icache__tag_array,5201
BoomTile__frontend__tlb,3007
BoomTile__ptw,2469
